[WARNING] 
[WARNING] Some problems were encountered while building the effective settings
[WARNING] expected START_TAG or END_TAG not TEXT (position: TEXT seen ...</activation>\r\n \u200b\r\n           <p... @203:14)  @ D:\JAVA\apache-maven-3.6.3\bin\..\conf\settings.xml, line 203, column 14
[WARNING] 
[INFO] Scanning for projects...
[INFO] 
[INFO] ---------------< com.bysj:personal-accounting-assistant >---------------
[INFO] Building personal-accounting-assistant 0.0.1-SNAPSHOT
[INFO] --------------------------------[ jar ]---------------------------------
[INFO] 
[INFO] --- maven-clean-plugin:3.3.2:clean (default-clean) @ personal-accounting-assistant ---
[INFO] Deleting D:\code\java\code\backend\target
[INFO] 
[INFO] --- maven-resources-plugin:3.3.1:resources (default-resources) @ personal-accounting-assistant ---
[INFO] Copying 1 resource from src\main\resources to target\classes
[INFO] Copying 0 resource from src\main\resources to target\classes
[INFO] 
[INFO] --- maven-compiler-plugin:3.13.0:compile (default-compile) @ personal-accounting-assistant ---
[INFO] Recompiling the module because of changed source code.
[INFO] Compiling 45 source files with javac [debug parameters release 17] to target\classes
[INFO] -------------------------------------------------------------
[ERROR] COMPILATION ERROR : 
[INFO] -------------------------------------------------------------
[ERROR] /D:/code/java/code/backend/src/main/java/com/bysj/accounting/controller/AuthController.java:[1,1] 非法字符: '\ufeff'
[ERROR] /D:/code/java/code/backend/src/main/java/com/bysj/accounting/controller/AuthController.java:[1,10] 需要 class、interface、enum 或 record
[ERROR] /D:/code/java/code/backend/src/main/java/com/bysj/accounting/controller/AuthController.java:[43,62] 未结束的字符串文字
[ERROR] /D:/code/java/code/backend/src/main/java/com/bysj/accounting/controller/AuthController.java:[45,45] 未结束的字符串文字
[ERROR] /D:/code/java/code/backend/src/main/java/com/bysj/accounting/controller/AuthController.java:[48,45] 未结束的字符串文字
[ERROR] /D:/code/java/code/backend/src/main/java/com/bysj/accounting/controller/AuthController.java:[62,58] 未结束的字符串文字
[ERROR] /D:/code/java/code/backend/src/main/java/com/bysj/accounting/controller/AuthController.java:[67,41] 未结束的字符串文字
[ERROR] /D:/code/java/code/backend/src/main/java/com/bysj/accounting/controller/AuthController.java:[83,41] 未结束的字符串文字
[ERROR] /D:/code/java/code/backend/src/main/java/com/bysj/accounting/controller/AuthController.java:[106,58] 未结束的字符串文字
[ERROR] /D:/code/java/code/backend/src/main/java/com/bysj/accounting/controller/AuthController.java:[111,31] 未结束的字符串文字
[ERROR] /D:/code/java/code/backend/src/main/java/com/bysj/accounting/controller/AuthController.java:[122,41] 未结束的字符串文字
[ERROR] /D:/code/java/code/backend/src/main/java/com/bysj/accounting/controller/AuthController.java:[126,45] 未结束的字符串文字
[ERROR] /D:/code/java/code/backend/src/main/java/com/bysj/accounting/controller/AuthController.java:[144,99] 未结束的字符串文字
[ERROR] /D:/code/java/code/backend/src/main/java/com/bysj/accounting/controller/CategoryController.java:[1,1] 非法字符: '\ufeff'
[ERROR] /D:/code/java/code/backend/src/main/java/com/bysj/accounting/controller/CategoryController.java:[1,10] 需要 class、interface、enum 或 record
[ERROR] /D:/code/java/code/backend/src/main/java/com/bysj/accounting/controller/CategoryController.java:[54,41] 未结束的字符串文字
[ERROR] /D:/code/java/code/backend/src/main/java/com/bysj/accounting/controller/CategoryController.java:[64,111] 未结束的字符串文字
[ERROR] /D:/code/java/code/backend/src/main/java/com/bysj/accounting/controller/CategoryController.java:[73,41] 未结束的字符串文字
[ERROR] /D:/code/java/code/backend/src/main/java/com/bysj/accounting/controller/FinanceRecordController.java:[162,109] 未结束的字符串文字
[ERROR] /D:/code/java/code/backend/src/main/java/com/bysj/accounting/controller/FinanceRecordController.java:[168,9] 方法声明无效; 需要返回类型
[ERROR] /D:/code/java/code/backend/src/main/java/com/bysj/accounting/controller/FinanceRecordController.java:[168,15] 此处不允许使用 'record'
[ERROR] /D:/code/java/code/backend/src/main/java/com/bysj/accounting/controller/FinanceRecordController.java:[168,21] 需要<标识符>
[ERROR] /D:/code/java/code/backend/src/main/java/com/bysj/accounting/controller/FinanceRecordController.java:[168,30] 需要<标识符>
[ERROR] /D:/code/java/code/backend/src/main/java/com/bysj/accounting/controller/FinanceRecordController.java:[168,39] 需要<标识符>
[ERROR] /D:/code/java/code/backend/src/main/java/com/bysj/accounting/controller/FinanceRecordController.java:[169,9] 非法的类型开始
[ERROR] /D:/code/java/code/backend/src/main/java/com/bysj/accounting/controller/FinanceRecordController.java:[169,30] 需要<标识符>
[ERROR] /D:/code/java/code/backend/src/main/java/com/bysj/accounting/controller/FinanceRecordController.java:[169,31] 非法的类型开始
[ERROR] /D:/code/java/code/backend/src/main/java/com/bysj/accounting/controller/FinanceRecordController.java:[173,12] 需要 class、interface、enum 或 record
[ERROR] /D:/code/java/code/backend/src/main/java/com/bysj/accounting/controller/FinanceRecordController.java:[173,51] 需要 class、interface、enum 或 record
[ERROR] /D:/code/java/code/backend/src/main/java/com/bysj/accounting/controller/FinanceRecordController.java:[173,85] 需要 class、interface、enum 或 record
[ERROR] /D:/code/java/code/backend/src/main/java/com/bysj/accounting/controller/FinanceRecordController.java:[174,109] 未结束的字符串文字
[ERROR] /D:/code/java/code/backend/src/main/java/com/bysj/accounting/controller/FinanceRecordController.java:[178,13] 需要 class、interface、enum 或 record
[ERROR] /D:/code/java/code/backend/src/main/java/com/bysj/accounting/controller/FinanceRecordController.java:[179,9] 需要 class、interface、enum 或 record
[ERROR] /D:/code/java/code/backend/src/main/java/com/bysj/accounting/controller/FinanceRecordController.java:[181,9] 需要 class、interface、enum 或 record
[ERROR] /D:/code/java/code/backend/src/main/java/com/bysj/accounting/controller/FinanceRecordController.java:[182,5] 需要 class、interface、enum 或 record
[ERROR] /D:/code/java/code/backend/src/main/java/com/bysj/accounting/controller/FinanceRecordController.java:[185,12] 需要 class、interface、enum 或 record
[ERROR] /D:/code/java/code/backend/src/main/java/com/bysj/accounting/controller/FinanceRecordController.java:[185,77] 需要 class、interface、enum 或 record
[ERROR] /D:/code/java/code/backend/src/main/java/com/bysj/accounting/controller/FinanceRecordController.java:[186,88] 需要 class、interface、enum 或 record
[ERROR] /D:/code/java/code/backend/src/main/java/com/bysj/accounting/controller/FinanceRecordController.java:[187,81] 需要 class、interface、enum 或 record
[ERROR] /D:/code/java/code/backend/src/main/java/com/bysj/accounting/controller/FinanceRecordController.java:[189,9] 需要 class、interface、enum 或 record
[ERROR] /D:/code/java/code/backend/src/main/java/com/bysj/accounting/controller/FinanceRecordController.java:[189,99] 未结束的字符串文字
[ERROR] /D:/code/java/code/backend/src/main/java/com/bysj/accounting/controller/FinanceRecordController.java:[191,9] 需要 class、interface、enum 或 record
[ERROR] /D:/code/java/code/backend/src/main/java/com/bysj/accounting/controller/FinanceRecordController.java:[193,13] 需要 class、interface、enum 或 record
[ERROR] /D:/code/java/code/backend/src/main/java/com/bysj/accounting/controller/FinanceRecordController.java:[196,17] 需要 class、interface、enum 或 record
[ERROR] /D:/code/java/code/backend/src/main/java/com/bysj/accounting/controller/FinanceRecordController.java:[198,17] 需要 class、interface、enum 或 record
[ERROR] /D:/code/java/code/backend/src/main/java/com/bysj/accounting/controller/FinanceRecordController.java:[200,17] 需要 class、interface、enum 或 record
[ERROR] /D:/code/java/code/backend/src/main/java/com/bysj/accounting/controller/FinanceRecordController.java:[202,17] 需要记录标头
[ERROR] /D:/code/java/code/backend/src/main/java/com/bysj/accounting/controller/FinanceRecordController.java:[203,17] 需要记录标头
[ERROR] /D:/code/java/code/backend/src/main/java/com/bysj/accounting/controller/FinanceRecordController.java:[204,17] 需要记录标头
[ERROR] /D:/code/java/code/backend/src/main/java/com/bysj/accounting/controller/FinanceRecordController.java:[205,17] 需要记录标头
[ERROR] /D:/code/java/code/backend/src/main/java/com/bysj/accounting/controller/FinanceRecordController.java:[206,17] 需要记录标头
[ERROR] /D:/code/java/code/backend/src/main/java/com/bysj/accounting/controller/FinanceRecordController.java:[207,17] 需要记录标头
[ERROR] /D:/code/java/code/backend/src/main/java/com/bysj/accounting/controller/FinanceRecordController.java:[208,17] 需要记录标头
[ERROR] /D:/code/java/code/backend/src/main/java/com/bysj/accounting/controller/FinanceRecordController.java:[209,17] 需要记录标头
[ERROR] /D:/code/java/code/backend/src/main/java/com/bysj/accounting/controller/FinanceRecordController.java:[210,17] 需要 class、interface、enum 或 record
[ERROR] /D:/code/java/code/backend/src/main/java/com/bysj/accounting/controller/FinanceRecordController.java:[211,17] 需要 class、interface、enum 或 record
[ERROR] /D:/code/java/code/backend/src/main/java/com/bysj/accounting/controller/FinanceRecordController.java:[212,13] 需要 class、interface、enum 或 record
[ERROR] /D:/code/java/code/backend/src/main/java/com/bysj/accounting/controller/FinanceRecordController.java:[215,5] 需要 class、interface、enum 或 record
[ERROR] /D:/code/java/code/backend/src/main/java/com/bysj/accounting/controller/FinanceRecordController.java:[222,13] 需要 class、interface、enum 或 record
[ERROR] /D:/code/java/code/backend/src/main/java/com/bysj/accounting/controller/FinanceRecordController.java:[224,13] 需要 class、interface、enum 或 record
[ERROR] /D:/code/java/code/backend/src/main/java/com/bysj/accounting/controller/FinanceRecordController.java:[226,13] 需要 class、interface、enum 或 record
[ERROR] /D:/code/java/code/backend/src/main/java/com/bysj/accounting/controller/FinanceRecordController.java:[229,13] 需要 class、interface、enum 或 record
[ERROR] /D:/code/java/code/backend/src/main/java/com/bysj/accounting/controller/FinanceRecordController.java:[232,13] 需要 class、interface、enum 或 record
[ERROR] /D:/code/java/code/backend/src/main/java/com/bysj/accounting/controller/FinanceRecordController.java:[235,13] 需要 class、interface、enum 或 record
[ERROR] /D:/code/java/code/backend/src/main/java/com/bysj/accounting/controller/FinanceRecordController.java:[238,17] 需要 class、interface、enum 或 record
[ERROR] /D:/code/java/code/backend/src/main/java/com/bysj/accounting/controller/FinanceRecordController.java:[243,13] 需要 class、interface、enum 或 record
[ERROR] /D:/code/java/code/backend/src/main/java/com/bysj/accounting/controller/FinanceRecordController.java:[245,9] 需要 class、interface、enum 或 record
[ERROR] /D:/code/java/code/backend/src/main/java/com/bysj/accounting/controller/FinanceRecordController.java:[246,5] 需要 class、interface、enum 或 record
[ERROR] /D:/code/java/code/backend/src/main/java/com/bysj/accounting/controller/FinanceRecordController.java:[250,9] 需要 class、interface、enum 或 record
[ERROR] /D:/code/java/code/backend/src/main/java/com/bysj/accounting/controller/FinanceRecordController.java:[250,99] 未结束的字符串文字
[ERROR] /D:/code/java/code/backend/src/main/java/com/bysj/accounting/controller/FinanceRecordController.java:[252,116] 未结束的字符串文字
[ERROR] /D:/code/java/code/backend/src/main/java/com/bysj/accounting/controller/FinanceRecordController.java:[254,45] 未结束的字符串文字
[ERROR] /D:/code/java/code/backend/src/main/java/com/bysj/accounting/controller/FinanceRecordController.java:[258,9] 需要记录标头
[ERROR] /D:/code/java/code/backend/src/main/java/com/bysj/accounting/controller/FinanceRecordController.java:[259,9] 需要记录标头
[ERROR] /D:/code/java/code/backend/src/main/java/com/bysj/accounting/controller/FinanceRecordController.java:[260,9] 需要记录标头
[ERROR] /D:/code/java/code/backend/src/main/java/com/bysj/accounting/controller/FinanceRecordController.java:[261,9] 需要记录标头
[ERROR] /D:/code/java/code/backend/src/main/java/com/bysj/accounting/controller/FinanceRecordController.java:[262,9] 需要记录标头
[ERROR] /D:/code/java/code/backend/src/main/java/com/bysj/accounting/controller/FinanceRecordController.java:[263,9] 需要记录标头
[ERROR] /D:/code/java/code/backend/src/main/java/com/bysj/accounting/controller/FinanceRecordController.java:[264,9] 需要记录标头
[ERROR] /D:/code/java/code/backend/src/main/java/com/bysj/accounting/controller/FinanceRecordController.java:[265,9] 需要 class、interface、enum 或 record
[ERROR] /D:/code/java/code/backend/src/main/java/com/bysj/accounting/controller/FinanceRecordController.java:[267,9] 需要 class、interface、enum 或 record
[ERROR] /D:/code/java/code/backend/src/main/java/com/bysj/accounting/controller/FinanceRecordController.java:[273,9] 需要 class、interface、enum 或 record
[ERROR] /D:/code/java/code/backend/src/main/java/com/bysj/accounting/controller/FinanceRecordController.java:[274,9] 需要 class、interface、enum 或 record
[ERROR] /D:/code/java/code/backend/src/main/java/com/bysj/accounting/controller/FinanceRecordController.java:[274,26] 需要 class、interface、enum 或 record
[ERROR] /D:/code/java/code/backend/src/main/java/com/bysj/accounting/controller/FinanceRecordController.java:[274,34] 需要 class、interface、enum 或 record
[ERROR] /D:/code/java/code/backend/src/main/java/com/bysj/accounting/controller/FinanceRecordController.java:[276,13] 需要 class、interface、enum 或 record
[ERROR] /D:/code/java/code/backend/src/main/java/com/bysj/accounting/controller/FinanceRecordController.java:[277,13] 需要 class、interface、enum 或 record
[ERROR] /D:/code/java/code/backend/src/main/java/com/bysj/accounting/controller/FinanceRecordController.java:[278,13] 需要 class、interface、enum 或 record
[ERROR] /D:/code/java/code/backend/src/main/java/com/bysj/accounting/controller/FinanceRecordController.java:[279,13] 需要 class、interface、enum 或 record
[ERROR] /D:/code/java/code/backend/src/main/java/com/bysj/accounting/controller/FinanceRecordController.java:[280,13] 需要 class、interface、enum 或 record
[ERROR] /D:/code/java/code/backend/src/main/java/com/bysj/accounting/controller/FinanceRecordController.java:[281,13] 需要 class、interface、enum 或 record
[ERROR] /D:/code/java/code/backend/src/main/java/com/bysj/accounting/controller/FinanceRecordController.java:[282,13] 需要 class、interface、enum 或 record
[ERROR] /D:/code/java/code/backend/src/main/java/com/bysj/accounting/controller/FinanceRecordController.java:[283,13] 需要 class、interface、enum 或 record
[ERROR] /D:/code/java/code/backend/src/main/java/com/bysj/accounting/controller/FinanceRecordController.java:[284,13] 需要 class、interface、enum 或 record
[ERROR] /D:/code/java/code/backend/src/main/java/com/bysj/accounting/controller/FinanceRecordController.java:[285,9] 需要 class、interface、enum 或 record
[ERROR] /D:/code/java/code/backend/src/main/java/com/bysj/accounting/controller/FinanceRecordController.java:[287,5] 需要 class、interface、enum 或 record
[ERROR] /D:/code/java/code/backend/src/main/java/com/bysj/accounting/controller/FinanceRecordController.java:[294,9] 需要 class、interface、enum 或 record
[ERROR] /D:/code/java/code/backend/src/main/java/com/bysj/accounting/controller/FinanceRecordController.java:[296,13] 需要 class、interface、enum 或 record
[ERROR] /D:/code/java/code/backend/src/main/java/com/bysj/accounting/controller/FinanceRecordController.java:[297,13] 需要 class、interface、enum 或 record
[ERROR] /D:/code/java/code/backend/src/main/java/com/bysj/accounting/controller/FinanceRecordController.java:[298,13] 需要 class、interface、enum 或 record
[INFO] 100 errors 
[INFO] -------------------------------------------------------------
[INFO] ------------------------------------------------------------------------
[INFO] BUILD FAILURE
[INFO] ------------------------------------------------------------------------
[INFO] Total time:  4.513 s
[INFO] Finished at: 2026-05-19T22:44:24+08:00
[INFO] ------------------------------------------------------------------------
[ERROR] Failed to execute goal org.apache.maven.plugins:maven-compiler-plugin:3.13.0:compile (default-compile) on project personal-accounting-assistant: Compilation failure: Compilation failure: 
[ERROR] /D:/code/java/code/backend/src/main/java/com/bysj/accounting/controller/AuthController.java:[1,1] 非法字符: '\ufeff'
[ERROR] /D:/code/java/code/backend/src/main/java/com/bysj/accounting/controller/AuthController.java:[1,10] 需要 class、interface、enum 或 record
[ERROR] /D:/code/java/code/backend/src/main/java/com/bysj/accounting/controller/AuthController.java:[43,62] 未结束的字符串文字
[ERROR] /D:/code/java/code/backend/src/main/java/com/bysj/accounting/controller/AuthController.java:[45,45] 未结束的字符串文字
[ERROR] /D:/code/java/code/backend/src/main/java/com/bysj/accounting/controller/AuthController.java:[48,45] 未结束的字符串文字
[ERROR] /D:/code/java/code/backend/src/main/java/com/bysj/accounting/controller/AuthController.java:[62,58] 未结束的字符串文字
[ERROR] /D:/code/java/code/backend/src/main/java/com/bysj/accounting/controller/AuthController.java:[67,41] 未结束的字符串文字
[ERROR] /D:/code/java/code/backend/src/main/java/com/bysj/accounting/controller/AuthController.java:[83,41] 未结束的字符串文字
[ERROR] /D:/code/java/code/backend/src/main/java/com/bysj/accounting/controller/AuthController.java:[106,58] 未结束的字符串文字
[ERROR] /D:/code/java/code/backend/src/main/java/com/bysj/accounting/controller/AuthController.java:[111,31] 未结束的字符串文字
[ERROR] /D:/code/java/code/backend/src/main/java/com/bysj/accounting/controller/AuthController.java:[122,41] 未结束的字符串文字
[ERROR] /D:/code/java/code/backend/src/main/java/com/bysj/accounting/controller/AuthController.java:[126,45] 未结束的字符串文字
[ERROR] /D:/code/java/code/backend/src/main/java/com/bysj/accounting/controller/AuthController.java:[144,99] 未结束的字符串文字
[ERROR] /D:/code/java/code/backend/src/main/java/com/bysj/accounting/controller/CategoryController.java:[1,1] 非法字符: '\ufeff'
[ERROR] /D:/code/java/code/backend/src/main/java/com/bysj/accounting/controller/CategoryController.java:[1,10] 需要 class、interface、enum 或 record
[ERROR] /D:/code/java/code/backend/src/main/java/com/bysj/accounting/controller/CategoryController.java:[54,41] 未结束的字符串文字
[ERROR] /D:/code/java/code/backend/src/main/java/com/bysj/accounting/controller/CategoryController.java:[64,111] 未结束的字符串文字
[ERROR] /D:/code/java/code/backend/src/main/java/com/bysj/accounting/controller/CategoryController.java:[73,41] 未结束的字符串文字
[ERROR] /D:/code/java/code/backend/src/main/java/com/bysj/accounting/controller/FinanceRecordController.java:[162,109] 未结束的字符串文字
[ERROR] /D:/code/java/code/backend/src/main/java/com/bysj/accounting/controller/FinanceRecordController.java:[168,9] 方法声明无效; 需要返回类型
[ERROR] /D:/code/java/code/backend/src/main/java/com/bysj/accounting/controller/FinanceRecordController.java:[168,15] 此处不允许使用 'record'
[ERROR] /D:/code/java/code/backend/src/main/java/com/bysj/accounting/controller/FinanceRecordController.java:[168,21] 需要<标识符>
[ERROR] /D:/code/java/code/backend/src/main/java/com/bysj/accounting/controller/FinanceRecordController.java:[168,30] 需要<标识符>
[ERROR] /D:/code/java/code/backend/src/main/java/com/bysj/accounting/controller/FinanceRecordController.java:[168,39] 需要<标识符>
[ERROR] /D:/code/java/code/backend/src/main/java/com/bysj/accounting/controller/FinanceRecordController.java:[169,9] 非法的类型开始
[ERROR] /D:/code/java/code/backend/src/main/java/com/bysj/accounting/controller/FinanceRecordController.java:[169,30] 需要<标识符>
[ERROR] /D:/code/java/code/backend/src/main/java/com/bysj/accounting/controller/FinanceRecordController.java:[169,31] 非法的类型开始
[ERROR] /D:/code/java/code/backend/src/main/java/com/bysj/accounting/controller/FinanceRecordController.java:[173,12] 需要 class、interface、enum 或 record
[ERROR] /D:/code/java/code/backend/src/main/java/com/bysj/accounting/controller/FinanceRecordController.java:[173,51] 需要 class、interface、enum 或 record
[ERROR] /D:/code/java/code/backend/src/main/java/com/bysj/accounting/controller/FinanceRecordController.java:[173,85] 需要 class、interface、enum 或 record
[ERROR] /D:/code/java/code/backend/src/main/java/com/bysj/accounting/controller/FinanceRecordController.java:[174,109] 未结束的字符串文字
[ERROR] /D:/code/java/code/backend/src/main/java/com/bysj/accounting/controller/FinanceRecordController.java:[178,13] 需要 class、interface、enum 或 record
[ERROR] /D:/code/java/code/backend/src/main/java/com/bysj/accounting/controller/FinanceRecordController.java:[179,9] 需要 class、interface、enum 或 record
[ERROR] /D:/code/java/code/backend/src/main/java/com/bysj/accounting/controller/FinanceRecordController.java:[181,9] 需要 class、interface、enum 或 record
[ERROR] /D:/code/java/code/backend/src/main/java/com/bysj/accounting/controller/FinanceRecordController.java:[182,5] 需要 class、interface、enum 或 record
[ERROR] /D:/code/java/code/backend/src/main/java/com/bysj/accounting/controller/FinanceRecordController.java:[185,12] 需要 class、interface、enum 或 record
[ERROR] /D:/code/java/code/backend/src/main/java/com/bysj/accounting/controller/FinanceRecordController.java:[185,77] 需要 class、interface、enum 或 record
[ERROR] /D:/code/java/code/backend/src/main/java/com/bysj/accounting/controller/FinanceRecordController.java:[186,88] 需要 class、interface、enum 或 record
[ERROR] /D:/code/java/code/backend/src/main/java/com/bysj/accounting/controller/FinanceRecordController.java:[187,81] 需要 class、interface、enum 或 record
[ERROR] /D:/code/java/code/backend/src/main/java/com/bysj/accounting/controller/FinanceRecordController.java:[189,9] 需要 class、interface、enum 或 record
[ERROR] /D:/code/java/code/backend/src/main/java/com/bysj/accounting/controller/FinanceRecordController.java:[189,99] 未结束的字符串文字
[ERROR] /D:/code/java/code/backend/src/main/java/com/bysj/accounting/controller/FinanceRecordController.java:[191,9] 需要 class、interface、enum 或 record
[ERROR] /D:/code/java/code/backend/src/main/java/com/bysj/accounting/controller/FinanceRecordController.java:[193,13] 需要 class、interface、enum 或 record
[ERROR] /D:/code/java/code/backend/src/main/java/com/bysj/accounting/controller/FinanceRecordController.java:[196,17] 需要 class、interface、enum 或 record
[ERROR] /D:/code/java/code/backend/src/main/java/com/bysj/accounting/controller/FinanceRecordController.java:[198,17] 需要 class、interface、enum 或 record
[ERROR] /D:/code/java/code/backend/src/main/java/com/bysj/accounting/controller/FinanceRecordController.java:[200,17] 需要 class、interface、enum 或 record
[ERROR] /D:/code/java/code/backend/src/main/java/com/bysj/accounting/controller/FinanceRecordController.java:[202,17] 需要记录标头
[ERROR] /D:/code/java/code/backend/src/main/java/com/bysj/accounting/controller/FinanceRecordController.java:[203,17] 需要记录标头
[ERROR] /D:/code/java/code/backend/src/main/java/com/bysj/accounting/controller/FinanceRecordController.java:[204,17] 需要记录标头
[ERROR] /D:/code/java/code/backend/src/main/java/com/bysj/accounting/controller/FinanceRecordController.java:[205,17] 需要记录标头
[ERROR] /D:/code/java/code/backend/src/main/java/com/bysj/accounting/controller/FinanceRecordController.java:[206,17] 需要记录标头
[ERROR] /D:/code/java/code/backend/src/main/java/com/bysj/accounting/controller/FinanceRecordController.java:[207,17] 需要记录标头
[ERROR] /D:/code/java/code/backend/src/main/java/com/bysj/accounting/controller/FinanceRecordController.java:[208,17] 需要记录标头
[ERROR] /D:/code/java/code/backend/src/main/java/com/bysj/accounting/controller/FinanceRecordController.java:[209,17] 需要记录标头
[ERROR] /D:/code/java/code/backend/src/main/java/com/bysj/accounting/controller/FinanceRecordController.java:[210,17] 需要 class、interface、enum 或 record
[ERROR] /D:/code/java/code/backend/src/main/java/com/bysj/accounting/controller/FinanceRecordController.java:[211,17] 需要 class、interface、enum 或 record
[ERROR] /D:/code/java/code/backend/src/main/java/com/bysj/accounting/controller/FinanceRecordController.java:[212,13] 需要 class、interface、enum 或 record
[ERROR] /D:/code/java/code/backend/src/main/java/com/bysj/accounting/controller/FinanceRecordController.java:[215,5] 需要 class、interface、enum 或 record
[ERROR] /D:/code/java/code/backend/src/main/java/com/bysj/accounting/controller/FinanceRecordController.java:[222,13] 需要 class、interface、enum 或 record
[ERROR] /D:/code/java/code/backend/src/main/java/com/bysj/accounting/controller/FinanceRecordController.java:[224,13] 需要 class、interface、enum 或 record
[ERROR] /D:/code/java/code/backend/src/main/java/com/bysj/accounting/controller/FinanceRecordController.java:[226,13] 需要 class、interface、enum 或 record
[ERROR] /D:/code/java/code/backend/src/main/java/com/bysj/accounting/controller/FinanceRecordController.java:[229,13] 需要 class、interface、enum 或 record
[ERROR] /D:/code/java/code/backend/src/main/java/com/bysj/accounting/controller/FinanceRecordController.java:[232,13] 需要 class、interface、enum 或 record
[ERROR] /D:/code/java/code/backend/src/main/java/com/bysj/accounting/controller/FinanceRecordController.java:[235,13] 需要 class、interface、enum 或 record
[ERROR] /D:/code/java/code/backend/src/main/java/com/bysj/accounting/controller/FinanceRecordController.java:[238,17] 需要 class、interface、enum 或 record
[ERROR] /D:/code/java/code/backend/src/main/java/com/bysj/accounting/controller/FinanceRecordController.java:[243,13] 需要 class、interface、enum 或 record
[ERROR] /D:/code/java/code/backend/src/main/java/com/bysj/accounting/controller/FinanceRecordController.java:[245,9] 需要 class、interface、enum 或 record
[ERROR] /D:/code/java/code/backend/src/main/java/com/bysj/accounting/controller/FinanceRecordController.java:[246,5] 需要 class、interface、enum 或 record
[ERROR] /D:/code/java/code/backend/src/main/java/com/bysj/accounting/controller/FinanceRecordController.java:[250,9] 需要 class、interface、enum 或 record
[ERROR] /D:/code/java/code/backend/src/main/java/com/bysj/accounting/controller/FinanceRecordController.java:[250,99] 未结束的字符串文字
[ERROR] /D:/code/java/code/backend/src/main/java/com/bysj/accounting/controller/FinanceRecordController.java:[252,116] 未结束的字符串文字
[ERROR] /D:/code/java/code/backend/src/main/java/com/bysj/accounting/controller/FinanceRecordController.java:[254,45] 未结束的字符串文字
[ERROR] /D:/code/java/code/backend/src/main/java/com/bysj/accounting/controller/FinanceRecordController.java:[258,9] 需要记录标头
[ERROR] /D:/code/java/code/backend/src/main/java/com/bysj/accounting/controller/FinanceRecordController.java:[259,9] 需要记录标头
[ERROR] /D:/code/java/code/backend/src/main/java/com/bysj/accounting/controller/FinanceRecordController.java:[260,9] 需要记录标头
[ERROR] /D:/code/java/code/backend/src/main/java/com/bysj/accounting/controller/FinanceRecordController.java:[261,9] 需要记录标头
[ERROR] /D:/code/java/code/backend/src/main/java/com/bysj/accounting/controller/FinanceRecordController.java:[262,9] 需要记录标头
[ERROR] /D:/code/java/code/backend/src/main/java/com/bysj/accounting/controller/FinanceRecordController.java:[263,9] 需要记录标头
[ERROR] /D:/code/java/code/backend/src/main/java/com/bysj/accounting/controller/FinanceRecordController.java:[264,9] 需要记录标头
[ERROR] /D:/code/java/code/backend/src/main/java/com/bysj/accounting/controller/FinanceRecordController.java:[265,9] 需要 class、interface、enum 或 record
[ERROR] /D:/code/java/code/backend/src/main/java/com/bysj/accounting/controller/FinanceRecordController.java:[267,9] 需要 class、interface、enum 或 record
[ERROR] /D:/code/java/code/backend/src/main/java/com/bysj/accounting/controller/FinanceRecordController.java:[273,9] 需要 class、interface、enum 或 record
[ERROR] /D:/code/java/code/backend/src/main/java/com/bysj/accounting/controller/FinanceRecordController.java:[274,9] 需要 class、interface、enum 或 record
[ERROR] /D:/code/java/code/backend/src/main/java/com/bysj/accounting/controller/FinanceRecordController.java:[274,26] 需要 class、interface、enum 或 record
[ERROR] /D:/code/java/code/backend/src/main/java/com/bysj/accounting/controller/FinanceRecordController.java:[274,34] 需要 class、interface、enum 或 record
[ERROR] /D:/code/java/code/backend/src/main/java/com/bysj/accounting/controller/FinanceRecordController.java:[276,13] 需要 class、interface、enum 或 record
[ERROR] /D:/code/java/code/backend/src/main/java/com/bysj/accounting/controller/FinanceRecordController.java:[277,13] 需要 class、interface、enum 或 record
[ERROR] /D:/code/java/code/backend/src/main/java/com/bysj/accounting/controller/FinanceRecordController.java:[278,13] 需要 class、interface、enum 或 record
[ERROR] /D:/code/java/code/backend/src/main/java/com/bysj/accounting/controller/FinanceRecordController.java:[279,13] 需要 class、interface、enum 或 record
[ERROR] /D:/code/java/code/backend/src/main/java/com/bysj/accounting/controller/FinanceRecordController.java:[280,13] 需要 class、interface、enum 或 record
[ERROR] /D:/code/java/code/backend/src/main/java/com/bysj/accounting/controller/FinanceRecordController.java:[281,13] 需要 class、interface、enum 或 record
[ERROR] /D:/code/java/code/backend/src/main/java/com/bysj/accounting/controller/FinanceRecordController.java:[282,13] 需要 class、interface、enum 或 record
[ERROR] /D:/code/java/code/backend/src/main/java/com/bysj/accounting/controller/FinanceRecordController.java:[283,13] 需要 class、interface、enum 或 record
[ERROR] /D:/code/java/code/backend/src/main/java/com/bysj/accounting/controller/FinanceRecordController.java:[284,13] 需要 class、interface、enum 或 record
[ERROR] /D:/code/java/code/backend/src/main/java/com/bysj/accounting/controller/FinanceRecordController.java:[285,9] 需要 class、interface、enum 或 record
[ERROR] /D:/code/java/code/backend/src/main/java/com/bysj/accounting/controller/FinanceRecordController.java:[287,5] 需要 class、interface、enum 或 record
[ERROR] /D:/code/java/code/backend/src/main/java/com/bysj/accounting/controller/FinanceRecordController.java:[294,9] 需要 class、interface、enum 或 record
[ERROR] /D:/code/java/code/backend/src/main/java/com/bysj/accounting/controller/FinanceRecordController.java:[296,13] 需要 class、interface、enum 或 record
[ERROR] /D:/code/java/code/backend/src/main/java/com/bysj/accounting/controller/FinanceRecordController.java:[297,13] 需要 class、interface、enum 或 record
[ERROR] /D:/code/java/code/backend/src/main/java/com/bysj/accounting/controller/FinanceRecordController.java:[298,13] 需要 class、interface、enum 或 record
[ERROR] -> [Help 1]
[ERROR] 
[ERROR] To see the full stack trace of the errors, re-run Maven with the -e switch.
[ERROR] Re-run Maven using the -X switch to enable full debug logging.
[ERROR] 
[ERROR] For more information about the errors and possible solutions, please read the following articles:
[ERROR] [Help 1] http://cwiki.apache.org/confluence/display/MAVEN/MojoFailureException
